[2026-03-30 21:55:03] [INFO ] Data loaded: 0 rooms, 0 guests, 0 bookings.
[2026-03-30 21:55:03] [INFO ] CheckoutReminderThread started.
[2026-03-30 21:55:03] [INFO ] AutoSaveThread started (daemon=true).
[2026-03-30 21:55:03] [INFO ] OccupancyReporterThread (ScheduledExecutorService) started.
[2026-03-30 21:55:03] [INFO ] BookingProcessorThread started (Producer-Consumer).
[2026-03-30 21:55:03] [INFO ] All 5 background threads started.
[2026-03-30 21:55:03] [INFO ] RoomStatusUpdaterThread started. Monitoring RAF file.
[2026-03-30 21:55:03] [INFO ] Report: Occupancy=0.0%, Revenue=Rs.0.00
[2026-03-30 21:55:05] [INFO ] Application started successfully.
[2026-03-30 21:55:33] [INFO ] Report: Occupancy=0.0%, Revenue=Rs.0.00
[2026-03-30 21:55:59] [INFO ] Room added: R101
[2026-03-30 21:56:03] [INFO ] Report: Occupancy=0.0%, Revenue=Rs.0.00
[2026-03-30 21:56:33] [INFO ] Report: Occupancy=0.0%, Revenue=Rs.0.00
[2026-03-30 21:57:03] [INFO ] Report: Occupancy=0.0%, Revenue=Rs.0.00
[2026-03-30 21:57:33] [INFO ] Report: Occupancy=0.0%, Revenue=Rs.0.00
[2026-03-30 21:58:03] [INFO ] Report: Occupancy=0.0%, Revenue=Rs.0.00
[2026-03-30 21:58:03] [INFO ] Guest registered: G101
[2026-03-30 21:58:33] [INFO ] Report: Occupancy=0.0%, Revenue=Rs.0.00
[2026-03-30 21:59:03] [INFO ] Report: Occupancy=0.0%, Revenue=Rs.0.00
[2026-03-30 21:59:33] [INFO ] Report: Occupancy=0.0%, Revenue=Rs.0.00
[2026-03-30 22:00:03] [INFO ] Report: Occupancy=0.0%, Revenue=Rs.0.00
[2026-03-30 22:00:03] [INFO ] AutoSave completed successfully.
[2026-03-30 22:00:21] [INFO ] Room added: R102
[2026-03-30 22:00:33] [INFO ] Report: Occupancy=0.0%, Revenue=Rs.0.00
[2026-03-30 22:00:41] [INFO ] Booked: Room=R102 Guest=G101 BookingID=BK44983D
[2026-03-30 22:01:03] [INFO ] Report: Occupancy=50.0%, Revenue=Rs.0.00
[2026-03-30 22:36:39] [INFO ] Report: Occupancy=50.0%, Revenue=Rs.0.00
[2026-03-30 22:36:41] [INFO ] Report: Occupancy=50.0%, Revenue=Rs.0.00
[2026-03-30 22:36:41] [INFO ] Report: Occupancy=50.0%, Revenue=Rs.0.00
[2026-03-30 22:36:41] [INFO ] Report: Occupancy=50.0%, Revenue=Rs.0.00
[2026-03-30 22:36:41] [INFO ] Report: Occupancy=50.0%, Revenue=Rs.0.00
[2026-03-30 22:36:41] [INFO ] Report: Occupancy=50.0%, Revenue=Rs.0.00
[2026-03-30 22:36:41] [INFO ] Report: Occupancy=50.0%, Revenue=Rs.0.00
[2026-03-30 22:36:41] [INFO ] Report: Occupancy=50.0%, Revenue=Rs.0.00
[2026-03-30 22:36:41] [INFO ] Report: Occupancy=50.0%, Revenue=Rs.0.00
[2026-03-30 22:36:42] [INFO ] Report: Occupancy=50.0%, Revenue=Rs.0.00
[2026-03-30 22:36:42] [INFO ] Report: Occupancy=50.0%, Revenue=Rs.0.00
[2026-03-30 22:36:42] [INFO ] Report: Occupancy=50.0%, Revenue=Rs.0.00
[2026-03-30 22:36:42] [INFO ] Report: Occupancy=50.0%, Revenue=Rs.0.00
[2026-03-30 22:36:42] [INFO ] Report: Occupancy=50.0%, Revenue=Rs.0.00
[2026-03-30 22:36:42] [INFO ] Report: Occupancy=50.0%, Revenue=Rs.0.00
[2026-03-30 22:36:42] [INFO ] Report: Occupancy=50.0%, Revenue=Rs.0.00
[2026-03-30 22:36:42] [INFO ] Report: Occupancy=50.0%, Revenue=Rs.0.00
[2026-03-30 22:36:42] [INFO ] Report: Occupancy=50.0%, Revenue=Rs.0.00
[2026-03-30 22:36:42] [INFO ] Report: Occupancy=50.0%, Revenue=Rs.0.00
[2026-03-30 22:36:42] [INFO ] Report: Occupancy=50.0%, Revenue=Rs.0.00
[2026-03-30 22:36:42] [INFO ] Report: Occupancy=50.0%, Revenue=Rs.0.00
[2026-03-30 22:36:42] [INFO ] Report: Occupancy=50.0%, Revenue=Rs.0.00
[2026-03-30 22:36:42] [INFO ] Report: Occupancy=50.0%, Revenue=Rs.0.00
[2026-03-30 22:36:42] [INFO ] Report: Occupancy=50.0%, Revenue=Rs.0.00
[2026-03-30 22:36:42] [INFO ] Report: Occupancy=50.0%, Revenue=Rs.0.00
[2026-03-30 22:36:42] [INFO ] Report: Occupancy=50.0%, Revenue=Rs.0.00
[2026-03-30 22:36:42] [INFO ] Report: Occupancy=50.0%, Revenue=Rs.0.00
[2026-03-30 22:36:42] [INFO ] Report: Occupancy=50.0%, Revenue=Rs.0.00
[2026-03-30 22:36:42] [INFO ] Report: Occupancy=50.0%, Revenue=Rs.0.00
[2026-03-30 22:36:42] [INFO ] Report: Occupancy=50.0%, Revenue=Rs.0.00
[2026-03-30 22:36:42] [INFO ] Report: Occupancy=50.0%, Revenue=Rs.0.00
[2026-03-30 22:36:42] [INFO ] Report: Occupancy=50.0%, Revenue=Rs.0.00
[2026-03-30 22:36:42] [INFO ] Report: Occupancy=50.0%, Revenue=Rs.0.00
[2026-03-30 22:36:42] [INFO ] Report: Occupancy=50.0%, Revenue=Rs.0.00
[2026-03-30 22:36:42] [INFO ] Report: Occupancy=50.0%, Revenue=Rs.0.00
[2026-03-30 22:36:42] [INFO ] Report: Occupancy=50.0%, Revenue=Rs.0.00
[2026-03-30 22:36:42] [INFO ] Report: Occupancy=50.0%, Revenue=Rs.0.00
[2026-03-30 22:36:43] [INFO ] Report: Occupancy=50.0%, Revenue=Rs.0.00
[2026-03-30 22:36:43] [INFO ] Report: Occupancy=50.0%, Revenue=Rs.0.00
[2026-03-30 22:36:43] [INFO ] Report: Occupancy=50.0%, Revenue=Rs.0.00
[2026-03-30 22:36:43] [INFO ] Report: Occupancy=50.0%, Revenue=Rs.0.00
[2026-03-30 22:36:43] [INFO ] Report: Occupancy=50.0%, Revenue=Rs.0.00
[2026-03-30 22:36:43] [INFO ] Report: Occupancy=50.0%, Revenue=Rs.0.00
[2026-03-30 22:36:43] [INFO ] Report: Occupancy=50.0%, Revenue=Rs.0.00
[2026-03-30 22:36:43] [INFO ] Report: Occupancy=50.0%, Revenue=Rs.0.00
[2026-03-30 22:36:43] [INFO ] Report: Occupancy=50.0%, Revenue=Rs.0.00
[2026-03-30 22:36:43] [INFO ] Report: Occupancy=50.0%, Revenue=Rs.0.00
[2026-03-30 22:36:43] [INFO ] Report: Occupancy=50.0%, Revenue=Rs.0.00
[2026-03-30 22:36:43] [INFO ] Report: Occupancy=50.0%, Revenue=Rs.0.00
[2026-03-30 22:36:43] [INFO ] Report: Occupancy=50.0%, Revenue=Rs.0.00
[2026-03-30 22:36:43] [INFO ] Report: Occupancy=50.0%, Revenue=Rs.0.00
[2026-03-30 22:36:43] [INFO ] Report: Occupancy=50.0%, Revenue=Rs.0.00
[2026-03-30 22:36:43] [INFO ] Report: Occupancy=50.0%, Revenue=Rs.0.00
[2026-03-30 22:36:43] [INFO ] Report: Occupancy=50.0%, Revenue=Rs.0.00
[2026-03-30 22:36:43] [INFO ] Report: Occupancy=50.0%, Revenue=Rs.0.00
[2026-03-30 22:36:43] [INFO ] Report: Occupancy=50.0%, Revenue=Rs.0.00
[2026-03-30 22:36:43] [INFO ] Report: Occupancy=50.0%, Revenue=Rs.0.00
[2026-03-30 22:36:43] [INFO ] Report: Occupancy=50.0%, Revenue=Rs.0.00
[2026-03-30 22:36:43] [INFO ] Report: Occupancy=50.0%, Revenue=Rs.0.00
[2026-03-30 22:36:43] [INFO ] Report: Occupancy=50.0%, Revenue=Rs.0.00
[2026-03-30 22:36:43] [INFO ] Report: Occupancy=50.0%, Revenue=Rs.0.00
[2026-03-30 22:36:43] [INFO ] Report: Occupancy=50.0%, Revenue=Rs.0.00
[2026-03-30 22:36:43] [INFO ] Report: Occupancy=50.0%, Revenue=Rs.0.00
[2026-03-30 22:36:43] [INFO ] Report: Occupancy=50.0%, Revenue=Rs.0.00
[2026-03-30 22:36:43] [INFO ] Report: Occupancy=50.0%, Revenue=Rs.0.00
[2026-03-30 22:36:43] [INFO ] Report: Occupancy=50.0%, Revenue=Rs.0.00
[2026-03-30 22:36:43] [INFO ] Report: Occupancy=50.0%, Revenue=Rs.0.00
[2026-03-30 22:36:44] [INFO ] Report: Occupancy=50.0%, Revenue=Rs.0.00
[2026-03-30 22:36:44] [INFO ] Report: Occupancy=50.0%, Revenue=Rs.0.00
[2026-03-30 22:36:44] [INFO ] Report: Occupancy=50.0%, Revenue=Rs.0.00
[2026-03-30 22:36:44] [INFO ] Report: Occupancy=50.0%, Revenue=Rs.0.00
[2026-03-30 22:37:03] [INFO ] Report: Occupancy=50.0%, Revenue=Rs.0.00
[2026-03-30 22:37:33] [INFO ] Report: Occupancy=50.0%, Revenue=Rs.0.00
[2026-03-30 22:37:36] [INFO ] Room added: R301
[2026-03-30 22:38:03] [INFO ] Report: Occupancy=33.3%, Revenue=Rs.0.00
[2026-03-30 22:38:14] [INFO ] Guest registered: G2
[2026-03-30 22:38:33] [INFO ] Report: Occupancy=33.3%, Revenue=Rs.0.00
[2026-03-30 22:39:03] [INFO ] Report: Occupancy=33.3%, Revenue=Rs.0.00
[2026-03-30 22:39:33] [INFO ] Report: Occupancy=33.3%, Revenue=Rs.0.00
[2026-03-30 22:39:41] [INFO ] Booked: Room=R301 Guest=G2 BookingID=BK562B9A
[2026-03-30 22:39:50] [INFO ] Check-in complete: Booking=BK44983D
[2026-03-30 22:39:59] [INFO ] Checkout: Booking=BK44983D Amount=Rs.1620.00
[2026-03-30 22:40:03] [INFO ] Report: Occupancy=33.3%, Revenue=Rs.1620.00
[2026-03-30 22:40:08] [INFO ] Checkout: Booking=BK562B9A Amount=Rs.9794.00
[2026-03-30 22:40:09] [INFO ] AutoSave completed successfully.
[2026-03-30 22:40:33] [INFO ] Report: Occupancy=0.0%, Revenue=Rs.11414.00
[2026-03-30 22:41:03] [INFO ] Report: Occupancy=0.0%, Revenue=Rs.11414.00
[2026-03-30 22:41:33] [INFO ] Report: Occupancy=0.0%, Revenue=Rs.11414.00
[2026-03-31 09:12:38] [INFO ] Data loaded: 3 rooms, 2 guests, 2 bookings.
[2026-03-31 09:12:38] [INFO ] CheckoutReminderThread started.
[2026-03-31 09:12:38] [INFO ] AutoSaveThread started (daemon=true).
[2026-03-31 09:12:38] [INFO ] OccupancyReporterThread (ScheduledExecutorService) started.
[2026-03-31 09:12:38] [INFO ] BookingProcessorThread started (Producer-Consumer).
[2026-03-31 09:12:38] [INFO ] All 5 background threads started.
[2026-03-31 09:12:38] [INFO ] RoomStatusUpdaterThread started. Monitoring RAF file.
[2026-03-31 09:12:38] [INFO ] Report: Occupancy=0.0%, Revenue=Rs.11414.00
[2026-03-31 09:12:40] [INFO ] Application started successfully.
[2026-03-31 09:13:08] [INFO ] Report: Occupancy=0.0%, Revenue=Rs.11414.00
[2026-03-31 09:13:38] [INFO ] Report: Occupancy=0.0%, Revenue=Rs.11414.00
[2026-03-31 09:14:08] [INFO ] Report: Occupancy=0.0%, Revenue=Rs.11414.00
[2026-03-31 09:14:38] [INFO ] Report: Occupancy=0.0%, Revenue=Rs.11414.00
[2026-03-31 09:15:08] [INFO ] Report: Occupancy=0.0%, Revenue=Rs.11414.00
[2026-03-31 09:15:38] [INFO ] Report: Occupancy=0.0%, Revenue=Rs.11414.00
[2026-03-31 09:16:08] [INFO ] Report: Occupancy=0.0%, Revenue=Rs.11414.00
[2026-03-31 09:16:38] [INFO ] Report: Occupancy=0.0%, Revenue=Rs.11414.00
[2026-03-31 09:17:08] [INFO ] Report: Occupancy=0.0%, Revenue=Rs.11414.00
[2026-03-31 09:17:38] [INFO ] Report: Occupancy=0.0%, Revenue=Rs.11414.00
[2026-03-31 09:17:38] [INFO ] AutoSave completed successfully.
[2026-03-31 09:18:08] [INFO ] Report: Occupancy=0.0%, Revenue=Rs.11414.00
[2026-03-31 09:18:38] [INFO ] Report: Occupancy=0.0%, Revenue=Rs.11414.00
[2026-03-31 09:19:08] [INFO ] Report: Occupancy=0.0%, Revenue=Rs.11414.00
[2026-03-31 09:19:38] [INFO ] Report: Occupancy=0.0%, Revenue=Rs.11414.00
[2026-03-31 09:20:08] [INFO ] Report: Occupancy=0.0%, Revenue=Rs.11414.00
[2026-03-31 09:20:38] [INFO ] Report: Occupancy=0.0%, Revenue=Rs.11414.00
[2026-03-31 09:21:08] [INFO ] Report: Occupancy=0.0%, Revenue=Rs.11414.00
[2026-03-31 09:21:38] [INFO ] Report: Occupancy=0.0%, Revenue=Rs.11414.00
[2026-03-31 09:22:08] [INFO ] Report: Occupancy=0.0%, Revenue=Rs.11414.00
[2026-03-31 09:22:38] [INFO ] Report: Occupancy=0.0%, Revenue=Rs.11414.00
[2026-03-31 09:22:38] [INFO ] AutoSave completed successfully.
[2026-03-31 09:23:08] [INFO ] Report: Occupancy=0.0%, Revenue=Rs.11414.00
[2026-03-31 09:23:38] [INFO ] Report: Occupancy=0.0%, Revenue=Rs.11414.00
[2026-03-31 09:24:08] [INFO ] Report: Occupancy=0.0%, Revenue=Rs.11414.00
[2026-03-31 09:24:38] [INFO ] Report: Occupancy=0.0%, Revenue=Rs.11414.00
[2026-03-31 09:25:08] [INFO ] Report: Occupancy=0.0%, Revenue=Rs.11414.00
[2026-03-31 09:25:38] [INFO ] Report: Occupancy=0.0%, Revenue=Rs.11414.00
[2026-03-31 09:26:08] [INFO ] Report: Occupancy=0.0%, Revenue=Rs.11414.00
[2026-03-31 09:26:38] [INFO ] Report: Occupancy=0.0%, Revenue=Rs.11414.00
[2026-03-31 09:27:08] [INFO ] Report: Occupancy=0.0%, Revenue=Rs.11414.00
[2026-03-31 09:27:38] [INFO ] Report: Occupancy=0.0%, Revenue=Rs.11414.00
[2026-03-31 09:27:38] [INFO ] AutoSave completed successfully.
[2026-03-31 09:28:08] [INFO ] Report: Occupancy=0.0%, Revenue=Rs.11414.00
